
> nextn@0.1.0 build
> next build

  ▲ Next.js 14.2.35
  - Environments: .env.local, .env

   Creating an optimized production build ...
